// Jest Snapshot v1, https://goo.gl/fbAQLP

exports[`HelloTitle renders default 1`] = `
<Text
  style={
    Array [
      Object {
        "color": "#eee",
        "fontSize": 20,
        "fontWeight": "bold",
        "textAlign": "center",
      },
      undefined,
    ]
  }
>
  HotelTitle
</Text>
`;
