// Jest Snapshot v1, https://goo.gl/fbAQLP

exports[`SignInButton renders default 1`] = `
<TouchableOpacity
  activeOpacity={0.2}
  onPress={[Function]}
  style={
    Object {
      "backgroundColor": "#1E90FF",
      "borderRadius": 5,
      "padding": 10,
    }
  }
>
  <Text
    style={
      Object {
        "color": "#eee",
        "fontWeight": "bold",
        "textAlign": "center",
      }
    }
  >
    Sign In
  </Text>
</TouchableOpacity>
`;
